# serializer version: 1
# name: test_get_info
  Info(version='0.21.0', debug_mode=False, automatic_backups=True, db_type='sqlite', git_commit='053b20f', build_date=datetime.datetime(2024, 12, 1, 13, 55, 36, tzinfo=datetime.timezone.utc), data_dir='/root/.local/share/spoolman', logs_dir='/root/.local/share/spoolman', backups_dir='/root/.local/share/spoolman/backups')
# ---
